root@DESKTOP-VS7O4OL:~# ls
 1.core       args.sh   'demo1.sh '   helloscript.sh   is              myfilewithvars.sh   oddeven.sh    readfile.sh   sandy           system
 Linux        args.txt   frnds.sh     ifelse.sh        madhuri         myinfo.txt          of            sambi         shell.sh        temp
 abcimplex    bathina    fruit.sh     initialgalaxy    multiple.sh     nani.sh             operating     san.sh        simplefile.sh   yashi.txt
 abcimplex1   bootcamp   gowri        initialzing      mycommands.sh   nanos.txt           parentfld     sandhya       suguna.txt      yasn.sh
 abcinflex    demo.sh    hashmum      input.txt        mydata.sh       odd.sh              readdata.sh   sandhya.sh    sunny.txt       zing
root@DESKTOP-VS7O4OL:~# mkdir folder 1
root@DESKTOP-VS7O4OL:~# cd folder 1
-bash: cd: too many arguments
root@DESKTOP-VS7O4OL:~# mkdir folder1
root@DESKTOP-VS7O4OL:~# mkdir folder1
mkdir: cannot create directory ‘folder1’: File exists
root@DESKTOP-VS7O4OL:~# mkdir folder3
root@DESKTOP-VS7O4OL:~# cd folder3
root@DESKTOP-VS7O4OL:~/folder3# echo "welcome to kubernetes" > sunny.txt
root@DESKTOP-VS7O4OL:~/folder3# cat sunny.txt
welcome to kubernetes
root@DESKTOP-VS7O4OL:~/folder3# echo "welcome to cicd" >> sunny.txt
root@DESKTOP-VS7O4OL:~/folder3# cat sunny.txt
welcome to kubernetes
welcome to cicd
root@DESKTOP-VS7O4OL:~/folder3# echo "sandy madhuri ramya geetha usha joy honny muni maanvith >> sunny.txt
> echo "sandy madhuri ramya geetha usha joy honny muni maanvith >> sunny.txt
root@DESKTOP-VS7O4OL:~/folder3# echo "sandy madhuri ramya geetha usha joy honny muni maanvith" >> sunny.txt
root@DESKTOP-VS7O4OL:~/folder3# echo "sandy madhuri ramya geetha usha joy honny muni maanvith" >> sunny.txt
root@DESKTOP-VS7O4OL:~/folder3# echo "sandy madhuri ramya geetha usha joy honny muni maanvith" >> sunny.txt
root@DESKTOP-VS7O4OL:~/folder3# echo "sandy madhuri ramya geetha usha joy honny muni maanvith" >> sunny.txt
root@DESKTOP-VS7O4OL:~/folder3# echo "sandy madhuri ramya geetha usha joy honny muni maanvith" >> sunny.txt
root@DESKTOP-VS7O4OL:~/folder3# echo "sandy madhuri ramya geetha usha joy honny muni maanvith" >> sunny.txt
root@DESKTOP-VS7O4OL:~/folder3# echo "sandy madhuri ramya geetha usha joy honny muni maanvith" >> sunny.txt
root@DESKTOP-VS7O4OL:~/folder3# echo "sandy madhuri ramya geetha usha joy honny muni maanvith" >> sunny.txt
root@DESKTOP-VS7O4OL:~/folder3# echo "sandy madhuri ramya geetha usha joy honny muni maanvith" >> sunny.txt
root@DESKTOP-VS7O4OL:~/folder3# echo "sandy madhuri ramya geetha usha joy honny muni maanvith" >> sunny.txt
root@DESKTOP-VS7O4OL:~/folder3# echo "sandy madhuri ramya geetha usha joy honny muni maanvith" >> sunny.txt
root@DESKTOP-VS7O4OL:~/folder3# echo "sandy madhuri ramya geetha usha joy honny muni maanvith" >> sunny.txt
root@DESKTOP-VS7O4OL:~/folder3# echo "sandy madhuri ramya geetha usha joy honny muni maanvith" >> sunny.txt
root@DESKTOP-VS7O4OL:~/folder3# echo "sandy madhuri ramya geetha usha joy honny muni maanvith" >> sunny.txt
root@DESKTOP-VS7O4OL:~/folder3# echo "sandy madhuri ramya geetha usha joy honny muni maanvith" >> sunny.txt
root@DESKTOP-VS7O4OL:~/folder3# echo "sandy madhuri ramya geetha usha joy honny muni maanvith" >> sunny.txt
root@DESKTOP-VS7O4OL:~/folder3# echo "sandy madhuri ramya geetha usha joy honny muni maanvith" >> sunny.txt
root@DESKTOP-VS7O4OL:~/folder3# echo "sandy madhuri ramya geetha usha joy honny muni maanvith" >> sunny.txt
root@DESKTOP-VS7O4OL:~/folder3# echo "sandy madhuri ramya geetha usha joy honny muni maanvith" >> sunny.txt
root@DESKTOP-VS7O4OL:~/folder3# echo "sandy madhuri ramya geetha usha joy honny muni maanvith" >> sunny.txt
root@DESKTOP-VS7O4OL:~/folder3# echo "sandy madhuri ramya geetha usha joy honny muni maanvith" >> sunny.txt
root@DESKTOP-VS7O4OL:~/folder3# echo "sandy madhuri ramya geetha usha joy honny muni maanvith" >> sunny.txt
root@DESKTOP-VS7O4OL:~/folder3# echo "sandy madhuri ramya geetha usha joy honny muni maanvith" >> sunny.txt
root@DESKTOP-VS7O4OL:~/folder3# echo "sandy madhuri ramya geetha usha joy honny muni maanvith" >> sunny.txt
root@DESKTOP-VS7O4OL:~/folder3# echo "sandy madhuri ramya geetha usha joy honny muni maanvith" >> sunny.txt
root@DESKTOP-VS7O4OL:~/folder3# echo "sandy madhuri ramya geetha usha joy honny muni maanvith" >> sunny.txt
root@DESKTOP-VS7O4OL:~/folder3# echo "sandy madhuri ramya geetha usha joy honny muni maanvith" >> sunny.txt
root@DESKTOP-VS7O4OL:~/folder3#
root@DESKTOP-VS7O4OL:~/folder3# echo "sandy madhuri ramya geetha usha joy honny muni maanvith" >> sunny.txt
root@DESKTOP-VS7O4OL:~/folder3# echo "sandy madhuri ramya geetha usha joy honny muni maanvith" >> sunny.txt
root@DESKTOP-VS7O4OL:~/folder3# echo "sandy madhuri ramya geetha usha joy honny muni maanvith" >> sunny.txt
root@DESKTOP-VS7O4OL:~/folder3# echo "sandy madhuri ramya geetha usha joy honny muni maanvith" >> sunny.txt
root@DESKTOP-VS7O4OL:~/folder3# echo "sandy madhuri ramya geetha usha joy honny muni maanvith" >> sunny.txt
root@DESKTOP-VS7O4OL:~/folder3# echo "sandy madhuri ramya geetha usha joy honny muni maanvith" >> sunny.txt
root@DESKTOP-VS7O4OL:~/folder3# echo "sandy madhuri ramya geetha usha joy honny muni maanvith" >> sunny.txt
root@DESKTOP-VS7O4OL:~/folder3# echo "sandy madhuri ramya geetha usha joy honny muni maanvith" >> sunny.txt
root@DESKTOP-VS7O4OL:~/folder3# echo "sandy madhuri ramya geetha usha joy honny muni maanvith" >> sunny.txt
root@DESKTOP-VS7O4OL:~/folder3# echo "sandy madhuri ramya geetha usha joy honny muni maanvith" >> sunny.txt
root@DESKTOP-VS7O4OL:~/folder3# echo "sandy madhuri ramya geetha usha joy honny muni maanvith" >> sunny.txt
root@DESKTOP-VS7O4OL:~/folder3# echo "sandy madhuri ramya geetha usha joy honny muni maanvith" >> sunny.txt
root@DESKTOP-VS7O4OL:~/folder3# echo "sandy madhuri ramya geetha usha joy honny muni maanvith" >> sunny.txt
root@DESKTOP-VS7O4OL:~/folder3# echo "sandy madhuri ramya geetha usha joy honny muni maanvith" >> sunny.txt
root@DESKTOP-VS7O4OL:~/folder3# echo "sandy madhuri ramya geetha usha joy honny muni maanvith" >> sunny.txt
root@DESKTOP-VS7O4OL:~/folder3# echo "sandy madhuri ramya geetha usha joy honny muni maanvith" >> sunny.txt
root@DESKTOP-VS7O4OL:~/folder3# echo "sandy madhuri ramya geetha usha joy honny muni maanvith" >> sunny.txt
root@DESKTOP-VS7O4OL:~/folder3# echo "sandy madhuri ramya geetha usha joy honny muni maanvith" >> sunny.txt
root@DESKTOP-VS7O4OL:~/folder3# echo "sandy madhuri ramya geetha usha joy honny muni maanvith" >> sunny.txt
root@DESKTOP-VS7O4OL:~/folder3# echo "sandy madhuri ramya geetha usha joy honny muni maanvith" >> sunny.txt
root@DESKTOP-VS7O4OL:~/folder3# echo "sandy madhuri ramya geetha usha joy honny muni maanvith" >> sunny.txt
root@DESKTOP-VS7O4OL:~/folder3# echo "sandy madhuri ramya geetha usha joy honny muni maanvith" >> sunny.txt
root@DESKTOP-VS7O4OL:~/folder3# echo "sandy madhuri ramya geetha usha joy honny muni maanvith" >> sunny.txt
root@DESKTOP-VS7O4OL:~/folder3# echo "sandy madhuri ramya geetha usha joy honny muni maanvith" >> sunny.txt
root@DESKTOP-VS7O4OL:~/folder3# echo "sandy madhuri ramya geetha usha joy honny muni maanvith" >> sunny.txt
root@DESKTOP-VS7O4OL:~/folder3# echo "sandy madhuri ramya geetha usha joy honny muni maanvith" >> sunny.txt
root@DESKTOP-VS7O4OL:~/folder3# echo "sandy madhuri ramya geetha usha joy honny muni maanvith" >> sunny.txt
root@DESKTOP-VS7O4OL:~/folder3# echo "sandy madhuri ramya geetha usha joy honny muni maanvith" >> sunny.txt
root@DESKTOP-VS7O4OL:~/folder3# echo "sandy madhuri ramya geetha usha joy honny muni maanvith" >> sunny.txt
root@DESKTOP-VS7O4OL:~/folder3# echo "sandy madhuri ramya geetha usha joy honny muni maanvith" >> sunny.txt
root@DESKTOP-VS7O4OL:~/folder3# echo "sandy madhuri ramya geetha usha joy honny muni maanvith" >> sunny.txt
root@DESKTOP-VS7O4OL:~/folder3# echo "sandy madhuri ramya geetha usha joy honny muni maanvith" >> sunny.txt
root@DESKTOP-VS7O4OL:~/folder3# echo "sandy madhuri ramya geetha usha joy honny muni maanvith" >> sunny.txt
root@DESKTOP-VS7O4OL:~/folder3# echo "sandy madhuri ramya geetha usha joy honny muni maanvith" >> sunny.txt
root@DESKTOP-VS7O4OL:~/folder3# echo "sandy madhuri ramya geetha usha joy honny muni maanvith" >> sunny.txt
root@DESKTOP-VS7O4OL:~/folder3# echo "sandy madhuri ramya geetha usha joy honny muni maanvith" >> sunny.txt
root@DESKTOP-VS7O4OL:~/folder3# echo "sandy madhuri ramya geetha usha joy honny muni maanvith" >> sunny.txt
root@DESKTOP-VS7O4OL:~/folder3# echo "sandy madhuri ramya geetha usha joy honny muni maanvith" >> sunny.txt
root@DESKTOP-VS7O4OL:~/folder3# echo "sandy madhuri ramya geetha usha joy honny muni maanvith" >> sunny.txt
root@DESKTOP-VS7O4OL:~/folder3# echo "sandy madhuri ramya geetha usha joy honny muni maanvith" >> sunny.txt
root@DESKTOP-VS7O4OL:~/folder3# echo "sandy madhuri ramya geetha usha joy honny muni maanvith" >> sunny.txt
root@DESKTOP-VS7O4OL:~/folder3# echo "sandy madhuri ramya geetha usha joy honny muni maanvith" >> sunny.txt
root@DESKTOP-VS7O4OL:~/folder3# echo "sandy madhuri ramya geetha usha joy honny muni maanvith" >> sunny.txt
root@DESKTOP-VS7O4OL:~/folder3# echo "sandy madhuri ramya geetha usha joy honny muni maanvith" >> sunny.txt
root@DESKTOP-VS7O4OL:~/folder3# echo "sandy madhuri ramya geetha usha joy honny muni maanvith" >> sunny.txt
root@DESKTOP-VS7O4OL:~/folder3# echo "sandy madhuri ramya geetha usha joy honny muni maanvith" >> sunny.txt
root@DESKTOP-VS7O4OL:~/folder3# echo "sandy madhuri ramya geetha usha joy honny muni maanvith" >> sunny.txt
root@DESKTOP-VS7O4OL:~/folder3# echo "sandy madhuri ramya geetha usha joy honny muni maanvith" >> sunny.txt
root@DESKTOP-VS7O4OL:~/folder3# echo "sandy madhuri ramya geetha usha joy honny muni maanvith" >> sunny.txt
root@DESKTOP-VS7O4OL:~/folder3# cat sunny.txt
welcome to kubernetes
welcome to cicd
sandy madhuri ramya geetha usha joy honny muni maanvith >> sunny.txt
echo sandy madhuri ramya geetha usha joy honny muni maanvith
sandy madhuri ramya geetha usha joy honny muni maanvith
sandy madhuri ramya geetha usha joy honny muni maanvith
sandy madhuri ramya geetha usha joy honny muni maanvith
sandy madhuri ramya geetha usha joy honny muni maanvith
sandy madhuri ramya geetha usha joy honny muni maanvith
sandy madhuri ramya geetha usha joy honny muni maanvith
sandy madhuri ramya geetha usha joy honny muni maanvith
sandy madhuri ramya geetha usha joy honny muni maanvith
sandy madhuri ramya geetha usha joy honny muni maanvith
sandy madhuri ramya geetha usha joy honny muni maanvith
sandy madhuri ramya geetha usha joy honny muni maanvith
sandy madhuri ramya geetha usha joy honny muni maanvith
sandy madhuri ramya geetha usha joy honny muni maanvith
sandy madhuri ramya geetha usha joy honny muni maanvith
sandy madhuri ramya geetha usha joy honny muni maanvith
sandy madhuri ramya geetha usha joy honny muni maanvith
sandy madhuri ramya geetha usha joy honny muni maanvith
sandy madhuri ramya geetha usha joy honny muni maanvith
sandy madhuri ramya geetha usha joy honny muni maanvith
sandy madhuri ramya geetha usha joy honny muni maanvith
sandy madhuri ramya geetha usha joy honny muni maanvith
sandy madhuri ramya geetha usha joy honny muni maanvith
sandy madhuri ramya geetha usha joy honny muni maanvith
sandy madhuri ramya geetha usha joy honny muni maanvith
sandy madhuri ramya geetha usha joy honny muni maanvith
sandy madhuri ramya geetha usha joy honny muni maanvith
sandy madhuri ramya geetha usha joy honny muni maanvith
sandy madhuri ramya geetha usha joy honny muni maanvith
sandy madhuri ramya geetha usha joy honny muni maanvith
sandy madhuri ramya geetha usha joy honny muni maanvith
sandy madhuri ramya geetha usha joy honny muni maanvith
sandy madhuri ramya geetha usha joy honny muni maanvith
sandy madhuri ramya geetha usha joy honny muni maanvith
sandy madhuri ramya geetha usha joy honny muni maanvith
sandy madhuri ramya geetha usha joy honny muni maanvith
sandy madhuri ramya geetha usha joy honny muni maanvith
sandy madhuri ramya geetha usha joy honny muni maanvith
sandy madhuri ramya geetha usha joy honny muni maanvith
sandy madhuri ramya geetha usha joy honny muni maanvith
sandy madhuri ramya geetha usha joy honny muni maanvith
sandy madhuri ramya geetha usha joy honny muni maanvith
sandy madhuri ramya geetha usha joy honny muni maanvith
sandy madhuri ramya geetha usha joy honny muni maanvith
sandy madhuri ramya geetha usha joy honny muni maanvith
sandy madhuri ramya geetha usha joy honny muni maanvith
sandy madhuri ramya geetha usha joy honny muni maanvith
sandy madhuri ramya geetha usha joy honny muni maanvith
sandy madhuri ramya geetha usha joy honny muni maanvith
sandy madhuri ramya geetha usha joy honny muni maanvith
sandy madhuri ramya geetha usha joy honny muni maanvith
sandy madhuri ramya geetha usha joy honny muni maanvith
sandy madhuri ramya geetha usha joy honny muni maanvith
sandy madhuri ramya geetha usha joy honny muni maanvith
sandy madhuri ramya geetha usha joy honny muni maanvith
sandy madhuri ramya geetha usha joy honny muni maanvith
sandy madhuri ramya geetha usha joy honny muni maanvith
sandy madhuri ramya geetha usha joy honny muni maanvith
sandy madhuri ramya geetha usha joy honny muni maanvith
sandy madhuri ramya geetha usha joy honny muni maanvith
sandy madhuri ramya geetha usha joy honny muni maanvith
sandy madhuri ramya geetha usha joy honny muni maanvith
sandy madhuri ramya geetha usha joy honny muni maanvith
sandy madhuri ramya geetha usha joy honny muni maanvith
sandy madhuri ramya geetha usha joy honny muni maanvith
sandy madhuri ramya geetha usha joy honny muni maanvith
sandy madhuri ramya geetha usha joy honny muni maanvith
sandy madhuri ramya geetha usha joy honny muni maanvith
sandy madhuri ramya geetha usha joy honny muni maanvith
sandy madhuri ramya geetha usha joy honny muni maanvith
sandy madhuri ramya geetha usha joy honny muni maanvith
sandy madhuri ramya geetha usha joy honny muni maanvith
sandy madhuri ramya geetha usha joy honny muni maanvith
sandy madhuri ramya geetha usha joy honny muni maanvith
sandy madhuri ramya geetha usha joy honny muni maanvith
sandy madhuri ramya geetha usha joy honny muni maanvith
sandy madhuri ramya geetha usha joy honny muni maanvith
root@DESKTOP-VS7O4OL:~/folder3# less sunny
sunny: No such file or directory
root@DESKTOP-VS7O4OL:~/folder3# less sunny.txt
root@DESKTOP-VS7O4OL:~/folder3# ls
sunny.txt
root@DESKTOP-VS7O4OL:~/folder3# touch sunny.txt
root@DESKTOP-VS7O4OL:~/folder3# ls
sunny.txt
root@DESKTOP-VS7O4OL:~/folder3# touch sunny1.txt
root@DESKTOP-VS7O4OL:~/folder3# ls
sunny.txt  sunny1.txt
root@DESKTOP-VS7O4OL:~/folder3# cd ..
root@DESKTOP-VS7O4OL:~# mkdir folder4
root@DESKTOP-VS7O4OL:~# cd folder4
root@DESKTOP-VS7O4OL:~/folder4# mkdir -p folder1/infolder
root@DESKTOP-VS7O4OL:~/folder4# ls
folder1
root@DESKTOP-VS7O4OL:~/folder4# cd floder1
-bash: cd: floder1: No such file or directory
root@DESKTOP-VS7O4OL:~/folder4# cd folder1
root@DESKTOP-VS7O4OL:~/folder4/folder1# ls
infolder
root@DESKTOP-VS7O4OL:~/folder4/folder1# cd ..
root@DESKTOP-VS7O4OL:~/folder4# cd ..
root@DESKTOP-VS7O4OL:~# cd folder3
root@DESKTOP-VS7O4OL:~/folder3# ls
sunny.txt  sunny1.txt
root@DESKTOP-VS7O4OL:~/folder3# echo "welcome to devops" > sunny1.txt
root@DESKTOP-VS7O4OL:~/folder3# cat sunny1.txt
welcome to devops
root@DESKTOP-VS7O4OL:~/folder3# cat su*
welcome to kubernetes
welcome to cicd
sandy madhuri ramya geetha usha joy honny muni maanvith >> sunny.txt
echo sandy madhuri ramya geetha usha joy honny muni maanvith
sandy madhuri ramya geetha usha joy honny muni maanvith
sandy madhuri ramya geetha usha joy honny muni maanvith
sandy madhuri ramya geetha usha joy honny muni maanvith
sandy madhuri ramya geetha usha joy honny muni maanvith
sandy madhuri ramya geetha usha joy honny muni maanvith
sandy madhuri ramya geetha usha joy honny muni maanvith
sandy madhuri ramya geetha usha joy honny muni maanvith
sandy madhuri ramya geetha usha joy honny muni maanvith
sandy madhuri ramya geetha usha joy honny muni maanvith
sandy madhuri ramya geetha usha joy honny muni maanvith
sandy madhuri ramya geetha usha joy honny muni maanvith
sandy madhuri ramya geetha usha joy honny muni maanvith
sandy madhuri ramya geetha usha joy honny muni maanvith
sandy madhuri ramya geetha usha joy honny muni maanvith
sandy madhuri ramya geetha usha joy honny muni maanvith
sandy madhuri ramya geetha usha joy honny muni maanvith
sandy madhuri ramya geetha usha joy honny muni maanvith
sandy madhuri ramya geetha usha joy honny muni maanvith
sandy madhuri ramya geetha usha joy honny muni maanvith
sandy madhuri ramya geetha usha joy honny muni maanvith
sandy madhuri ramya geetha usha joy honny muni maanvith
sandy madhuri ramya geetha usha joy honny muni maanvith
sandy madhuri ramya geetha usha joy honny muni maanvith
sandy madhuri ramya geetha usha joy honny muni maanvith
sandy madhuri ramya geetha usha joy honny muni maanvith
sandy madhuri ramya geetha usha joy honny muni maanvith
sandy madhuri ramya geetha usha joy honny muni maanvith
sandy madhuri ramya geetha usha joy honny muni maanvith
sandy madhuri ramya geetha usha joy honny muni maanvith
sandy madhuri ramya geetha usha joy honny muni maanvith
sandy madhuri ramya geetha usha joy honny muni maanvith
sandy madhuri ramya geetha usha joy honny muni maanvith
sandy madhuri ramya geetha usha joy honny muni maanvith
sandy madhuri ramya geetha usha joy honny muni maanvith
sandy madhuri ramya geetha usha joy honny muni maanvith
sandy madhuri ramya geetha usha joy honny muni maanvith
sandy madhuri ramya geetha usha joy honny muni maanvith
sandy madhuri ramya geetha usha joy honny muni maanvith
sandy madhuri ramya geetha usha joy honny muni maanvith
sandy madhuri ramya geetha usha joy honny muni maanvith
sandy madhuri ramya geetha usha joy honny muni maanvith
sandy madhuri ramya geetha usha joy honny muni maanvith
sandy madhuri ramya geetha usha joy honny muni maanvith
sandy madhuri ramya geetha usha joy honny muni maanvith
sandy madhuri ramya geetha usha joy honny muni maanvith
sandy madhuri ramya geetha usha joy honny muni maanvith
sandy madhuri ramya geetha usha joy honny muni maanvith
sandy madhuri ramya geetha usha joy honny muni maanvith
sandy madhuri ramya geetha usha joy honny muni maanvith
sandy madhuri ramya geetha usha joy honny muni maanvith
sandy madhuri ramya geetha usha joy honny muni maanvith
sandy madhuri ramya geetha usha joy honny muni maanvith
sandy madhuri ramya geetha usha joy honny muni maanvith
sandy madhuri ramya geetha usha joy honny muni maanvith
sandy madhuri ramya geetha usha joy honny muni maanvith
sandy madhuri ramya geetha usha joy honny muni maanvith
sandy madhuri ramya geetha usha joy honny muni maanvith
sandy madhuri ramya geetha usha joy honny muni maanvith
sandy madhuri ramya geetha usha joy honny muni maanvith
sandy madhuri ramya geetha usha joy honny muni maanvith
sandy madhuri ramya geetha usha joy honny muni maanvith
sandy madhuri ramya geetha usha joy honny muni maanvith
sandy madhuri ramya geetha usha joy honny muni maanvith
sandy madhuri ramya geetha usha joy honny muni maanvith
sandy madhuri ramya geetha usha joy honny muni maanvith
sandy madhuri ramya geetha usha joy honny muni maanvith
sandy madhuri ramya geetha usha joy honny muni maanvith
sandy madhuri ramya geetha usha joy honny muni maanvith
sandy madhuri ramya geetha usha joy honny muni maanvith
sandy madhuri ramya geetha usha joy honny muni maanvith
sandy madhuri ramya geetha usha joy honny muni maanvith
sandy madhuri ramya geetha usha joy honny muni maanvith
sandy madhuri ramya geetha usha joy honny muni maanvith
sandy madhuri ramya geetha usha joy honny muni maanvith
sandy madhuri ramya geetha usha joy honny muni maanvith
sandy madhuri ramya geetha usha joy honny muni maanvith
welcome to devops
root@DESKTOP-VS7O4OL:~/folder3# cat *.txt > combo.txt
root@DESKTOP-VS7O4OL:~/folder3# cat combo.txt
welcome to kubernetes
welcome to cicd
sandy madhuri ramya geetha usha joy honny muni maanvith >> sunny.txt
echo sandy madhuri ramya geetha usha joy honny muni maanvith
sandy madhuri ramya geetha usha joy honny muni maanvith
sandy madhuri ramya geetha usha joy honny muni maanvith
sandy madhuri ramya geetha usha joy honny muni maanvith
sandy madhuri ramya geetha usha joy honny muni maanvith
sandy madhuri ramya geetha usha joy honny muni maanvith
sandy madhuri ramya geetha usha joy honny muni maanvith
sandy madhuri ramya geetha usha joy honny muni maanvith
sandy madhuri ramya geetha usha joy honny muni maanvith
sandy madhuri ramya geetha usha joy honny muni maanvith
sandy madhuri ramya geetha usha joy honny muni maanvith
sandy madhuri ramya geetha usha joy honny muni maanvith
sandy madhuri ramya geetha usha joy honny muni maanvith
sandy madhuri ramya geetha usha joy honny muni maanvith
sandy madhuri ramya geetha usha joy honny muni maanvith
sandy madhuri ramya geetha usha joy honny muni maanvith
sandy madhuri ramya geetha usha joy honny muni maanvith
sandy madhuri ramya geetha usha joy honny muni maanvith
sandy madhuri ramya geetha usha joy honny muni maanvith
sandy madhuri ramya geetha usha joy honny muni maanvith
sandy madhuri ramya geetha usha joy honny muni maanvith
sandy madhuri ramya geetha usha joy honny muni maanvith
sandy madhuri ramya geetha usha joy honny muni maanvith
sandy madhuri ramya geetha usha joy honny muni maanvith
sandy madhuri ramya geetha usha joy honny muni maanvith
sandy madhuri ramya geetha usha joy honny muni maanvith
sandy madhuri ramya geetha usha joy honny muni maanvith
sandy madhuri ramya geetha usha joy honny muni maanvith
sandy madhuri ramya geetha usha joy honny muni maanvith
sandy madhuri ramya geetha usha joy honny muni maanvith
sandy madhuri ramya geetha usha joy honny muni maanvith
sandy madhuri ramya geetha usha joy honny muni maanvith
sandy madhuri ramya geetha usha joy honny muni maanvith
sandy madhuri ramya geetha usha joy honny muni maanvith
sandy madhuri ramya geetha usha joy honny muni maanvith
sandy madhuri ramya geetha usha joy honny muni maanvith
sandy madhuri ramya geetha usha joy honny muni maanvith
sandy madhuri ramya geetha usha joy honny muni maanvith
sandy madhuri ramya geetha usha joy honny muni maanvith
sandy madhuri ramya geetha usha joy honny muni maanvith
sandy madhuri ramya geetha usha joy honny muni maanvith
sandy madhuri ramya geetha usha joy honny muni maanvith
sandy madhuri ramya geetha usha joy honny muni maanvith
sandy madhuri ramya geetha usha joy honny muni maanvith
sandy madhuri ramya geetha usha joy honny muni maanvith
sandy madhuri ramya geetha usha joy honny muni maanvith
sandy madhuri ramya geetha usha joy honny muni maanvith
sandy madhuri ramya geetha usha joy honny muni maanvith
sandy madhuri ramya geetha usha joy honny muni maanvith
sandy madhuri ramya geetha usha joy honny muni maanvith
sandy madhuri ramya geetha usha joy honny muni maanvith
sandy madhuri ramya geetha usha joy honny muni maanvith
sandy madhuri ramya geetha usha joy honny muni maanvith
sandy madhuri ramya geetha usha joy honny muni maanvith
sandy madhuri ramya geetha usha joy honny muni maanvith
sandy madhuri ramya geetha usha joy honny muni maanvith
sandy madhuri ramya geetha usha joy honny muni maanvith
sandy madhuri ramya geetha usha joy honny muni maanvith
sandy madhuri ramya geetha usha joy honny muni maanvith
sandy madhuri ramya geetha usha joy honny muni maanvith
sandy madhuri ramya geetha usha joy honny muni maanvith
sandy madhuri ramya geetha usha joy honny muni maanvith
sandy madhuri ramya geetha usha joy honny muni maanvith
sandy madhuri ramya geetha usha joy honny muni maanvith
sandy madhuri ramya geetha usha joy honny muni maanvith
sandy madhuri ramya geetha usha joy honny muni maanvith
sandy madhuri ramya geetha usha joy honny muni maanvith
sandy madhuri ramya geetha usha joy honny muni maanvith
sandy madhuri ramya geetha usha joy honny muni maanvith
sandy madhuri ramya geetha usha joy honny muni maanvith
sandy madhuri ramya geetha usha joy honny muni maanvith
sandy madhuri ramya geetha usha joy honny muni maanvith
sandy madhuri ramya geetha usha joy honny muni maanvith
sandy madhuri ramya geetha usha joy honny muni maanvith
sandy madhuri ramya geetha usha joy honny muni maanvith
sandy madhuri ramya geetha usha joy honny muni maanvith
sandy madhuri ramya geetha usha joy honny muni maanvith
welcome to devops
root@DESKTOP-VS7O4OL:~/folder3# ls
combo.txt  sunny.txt  sunny1.txt
root@DESKTOP-VS7O4OL:~/folder3# cat *s*
welcome to kubernetes
welcome to cicd
sandy madhuri ramya geetha usha joy honny muni maanvith >> sunny.txt
echo sandy madhuri ramya geetha usha joy honny muni maanvith
sandy madhuri ramya geetha usha joy honny muni maanvith
sandy madhuri ramya geetha usha joy honny muni maanvith
sandy madhuri ramya geetha usha joy honny muni maanvith
sandy madhuri ramya geetha usha joy honny muni maanvith
sandy madhuri ramya geetha usha joy honny muni maanvith
sandy madhuri ramya geetha usha joy honny muni maanvith
sandy madhuri ramya geetha usha joy honny muni maanvith
sandy madhuri ramya geetha usha joy honny muni maanvith
sandy madhuri ramya geetha usha joy honny muni maanvith
sandy madhuri ramya geetha usha joy honny muni maanvith
sandy madhuri ramya geetha usha joy honny muni maanvith
sandy madhuri ramya geetha usha joy honny muni maanvith
sandy madhuri ramya geetha usha joy honny muni maanvith
sandy madhuri ramya geetha usha joy honny muni maanvith
sandy madhuri ramya geetha usha joy honny muni maanvith
sandy madhuri ramya geetha usha joy honny muni maanvith
sandy madhuri ramya geetha usha joy honny muni maanvith
sandy madhuri ramya geetha usha joy honny muni maanvith
sandy madhuri ramya geetha usha joy honny muni maanvith
sandy madhuri ramya geetha usha joy honny muni maanvith
sandy madhuri ramya geetha usha joy honny muni maanvith
sandy madhuri ramya geetha usha joy honny muni maanvith
sandy madhuri ramya geetha usha joy honny muni maanvith
sandy madhuri ramya geetha usha joy honny muni maanvith
sandy madhuri ramya geetha usha joy honny muni maanvith
sandy madhuri ramya geetha usha joy honny muni maanvith
sandy madhuri ramya geetha usha joy honny muni maanvith
sandy madhuri ramya geetha usha joy honny muni maanvith
sandy madhuri ramya geetha usha joy honny muni maanvith
sandy madhuri ramya geetha usha joy honny muni maanvith
sandy madhuri ramya geetha usha joy honny muni maanvith
sandy madhuri ramya geetha usha joy honny muni maanvith
sandy madhuri ramya geetha usha joy honny muni maanvith
sandy madhuri ramya geetha usha joy honny muni maanvith
sandy madhuri ramya geetha usha joy honny muni maanvith
sandy madhuri ramya geetha usha joy honny muni maanvith
sandy madhuri ramya geetha usha joy honny muni maanvith
sandy madhuri ramya geetha usha joy honny muni maanvith
sandy madhuri ramya geetha usha joy honny muni maanvith
sandy madhuri ramya geetha usha joy honny muni maanvith
sandy madhuri ramya geetha usha joy honny muni maanvith
sandy madhuri ramya geetha usha joy honny muni maanvith
sandy madhuri ramya geetha usha joy honny muni maanvith
sandy madhuri ramya geetha usha joy honny muni maanvith
sandy madhuri ramya geetha usha joy honny muni maanvith
sandy madhuri ramya geetha usha joy honny muni maanvith
sandy madhuri ramya geetha usha joy honny muni maanvith
sandy madhuri ramya geetha usha joy honny muni maanvith
sandy madhuri ramya geetha usha joy honny muni maanvith
sandy madhuri ramya geetha usha joy honny muni maanvith
sandy madhuri ramya geetha usha joy honny muni maanvith
sandy madhuri ramya geetha usha joy honny muni maanvith
sandy madhuri ramya geetha usha joy honny muni maanvith
sandy madhuri ramya geetha usha joy honny muni maanvith
sandy madhuri ramya geetha usha joy honny muni maanvith
sandy madhuri ramya geetha usha joy honny muni maanvith
sandy madhuri ramya geetha usha joy honny muni maanvith
sandy madhuri ramya geetha usha joy honny muni maanvith
sandy madhuri ramya geetha usha joy honny muni maanvith
sandy madhuri ramya geetha usha joy honny muni maanvith
sandy madhuri ramya geetha usha joy honny muni maanvith
sandy madhuri ramya geetha usha joy honny muni maanvith
sandy madhuri ramya geetha usha joy honny muni maanvith
sandy madhuri ramya geetha usha joy honny muni maanvith
sandy madhuri ramya geetha usha joy honny muni maanvith
sandy madhuri ramya geetha usha joy honny muni maanvith
sandy madhuri ramya geetha usha joy honny muni maanvith
sandy madhuri ramya geetha usha joy honny muni maanvith
sandy madhuri ramya geetha usha joy honny muni maanvith
sandy madhuri ramya geetha usha joy honny muni maanvith
sandy madhuri ramya geetha usha joy honny muni maanvith
sandy madhuri ramya geetha usha joy honny muni maanvith
sandy madhuri ramya geetha usha joy honny muni maanvith
sandy madhuri ramya geetha usha joy honny muni maanvith
sandy madhuri ramya geetha usha joy honny muni maanvith
sandy madhuri ramya geetha usha joy honny muni maanvith
welcome to devops
root@DESKTOP-VS7O4OL:~/folder3# mkdir fld
root@DESKTOP-VS7O4OL:~/folder3# cd fld
root@DESKTOP-VS7O4OL:~/folder3/fld# echo "hii" >
-bash: syntax error near unexpected token `newline'
root@DESKTOP-VS7O4OL:~/folder3/fld# echo "hii" > yam.txt
root@DESKTOP-VS7O4OL:~/folder3/fld# echo "hello" > yamn.txt
root@DESKTOP-VS7O4OL:~/folder3/fld# mv yam.txt folder3 ..
mv: cannot stat 'folder3': No such file or directory
root@DESKTOP-VS7O4OL:~/folder3/fld# cd ..
root@DESKTOP-VS7O4OL:~/folder3# ls
combo.txt  fld  sunny.txt  sunny1.txt  yam.txt
root@DESKTOP-VS7O4OL:~/folder3# cd fld
root@DESKTOP-VS7O4OL:~/folder3/fld# cp yamn.txt yam.txt
root@DESKTOP-VS7O4OL:~/folder3/fld# cat yam.txt
hello
root@DESKTOP-VS7O4OL:~/folder3/fld# mv yam.txt man.txt
root@DESKTOP-VS7O4OL:~/folder3/fld# man.txt
man.txt: command not found
root@DESKTOP-VS7O4OL:~/folder3/fld# cat man.txt
hello
root@DESKTOP-VS7O4OL:~/folder3/fld# sudo adduser mani
adduser: The user `mani' already exists.
root@DESKTOP-VS7O4OL:~/folder3/fld# sudo adduser priya
Adding user `priya' ...
Adding new group `priya' (1022) ...
Adding new user `priya' (1019) with group `priya' ...
Creating home directory `/home/priya' ...
Copying files from `/etc/skel' ...
New password:
Retype new password:
passwd: password updated successfully
Changing the user information for priya
Enter the new value, or press ENTER for the default
        Full Name []:
        Room Number []:
        Work Phone []:
        Home Phone []:
        Other []:
Is the information correct? [Y/n] y
root@DESKTOP-VS7O4OL:~/folder3/fld# find. - name*.txt

Command 'find.' not found, did you mean:

  command 'find' from deb findutils (4.7.0-1ubuntu1)
  command 'findg' from deb ncl-ncarg (6.6.2-1build4)
  command 'findv' from deb polylib-utils (5.22.5-4+dfsg)

Try: apt install <deb name>

root@DESKTOP-VS7O4OL:~/folder3/fld# find. - name *.txt

Command 'find.' not found, did you mean:

  command 'findv' from deb polylib-utils (5.22.5-4+dfsg)
  command 'findg' from deb ncl-ncarg (6.6.2-1build4)
  command 'find' from deb findutils (4.7.0-1ubuntu1)

Try: apt install <deb name>

root@DESKTOP-VS7O4OL:~/folder3/fld# find.- name *.txt
find.-: command not found
root@DESKTOP-VS7O4OL:~/folder3/fld# find . - name *.txt
.
./man.txt
./yamn.txt
find: ‘-’: No such file or directory
find: ‘name’: No such file or directory
man.txt
yamn.txt
root@DESKTOP-VS7O4OL:~/folder3/fld# find . - name sanny-delete
.
./man.txt
./yamn.txt
find: ‘-’: No such file or directory
find: ‘name’: No such file or directory
find: ‘sanny-delete’: No such file or directory
root@DESKTOP-VS7O4OL:~/folder3/fld# ls
man.txt  yamn.txt
root@DESKTOP-VS7O4OL:~/folder3/fld# find . -name man.txt -delete
root@DESKTOP-VS7O4OL:~/folder3/fld# ls
yamn.txt
root@DESKTOP-VS7O4OL:~/folder3/fld# man find
root@DESKTOP-VS7O4OL:~/folder3/fld# ls -i
97548 yamn.txt
root@DESKTOP-VS7O4OL:~/folder3/fld# ls -li
total 4
97548 -rw-r--r-- 1 root root 6 Jan 20 11:14 yamn.txt
root@DESKTOP-VS7O4OL:~/folder3/fld# chmod o+w yamn.txt
root@DESKTOP-VS7O4OL:~/folder3/fld# ls -li
total 4
97548 -rw-r--rw- 1 root root 6 Jan 20 11:14 yamn.txt
root@DESKTOP-VS7O4OL:~/folder3/fld# ls -a
.  ..  yamn.txt
root@DESKTOP-VS7O4OL:~/folder3/fld# cat etc/passwd
cat: etc/passwd: No such file or directory
root@DESKTOP-VS7O4OL:~/folder3/fld# cat /etc/passwd
root:x:0:0:root:/root:/bin/bash
daemon:x:1:1:daemon:/usr/sbin:/usr/sbin/nologin
bin:x:2:2:bin:/bin:/usr/sbin/nologin
sys:x:3:3:sys:/dev:/usr/sbin/nologin
sync:x:4:65534:sync:/bin:/bin/sync
games:x:5:60:games:/usr/games:/usr/sbin/nologin
man:x:6:12:man:/var/cache/man:/usr/sbin/nologin
lp:x:7:7:lp:/var/spool/lpd:/usr/sbin/nologin
mail:x:8:8:mail:/var/mail:/usr/sbin/nologin
news:x:9:9:news:/var/spool/news:/usr/sbin/nologin
uucp:x:10:10:uucp:/var/spool/uucp:/usr/sbin/nologin
proxy:x:13:13:proxy:/bin:/usr/sbin/nologin
www-data:x:33:33:www-data:/var/www:/usr/sbin/nologin
backup:x:34:34:backup:/var/backups:/usr/sbin/nologin
list:x:38:38:Mailing List Manager:/var/list:/usr/sbin/nologin
irc:x:39:39:ircd:/var/run/ircd:/usr/sbin/nologin
gnats:x:41:41:Gnats Bug-Reporting System (admin):/var/lib/gnats:/usr/sbin/nologin
nobody:x:65534:65534:nobody:/nonexistent:/usr/sbin/nologin
systemd-network:x:100:102:systemd Network Management,,,:/run/systemd:/usr/sbin/nologin
systemd-resolve:x:101:103:systemd Resolver,,,:/run/systemd:/usr/sbin/nologin
systemd-timesync:x:102:104:systemd Time Synchronization,,,:/run/systemd:/usr/sbin/nologin
messagebus:x:103:106::/nonexistent:/usr/sbin/nologin
syslog:x:104:110::/home/syslog:/usr/sbin/nologin
_apt:x:105:65534::/nonexistent:/usr/sbin/nologin
tss:x:106:111:TPM software stack,,,:/var/lib/tpm:/bin/false
uuidd:x:107:112::/run/uuidd:/usr/sbin/nologin
tcpdump:x:108:113::/nonexistent:/usr/sbin/nologin
sshd:x:109:65534::/run/sshd:/usr/sbin/nologin
landscape:x:110:115::/var/lib/landscape:/usr/sbin/nologin
pollinate:x:111:1::/var/cache/pollinate:/bin/false
madhuri:x:1000:1000::/home/madhuri:/bin/sh
abc1:x:1001:1003::/home/abc1:/bin/sh
abc2:x:1002:1004::/home/abc2:/bin/sh
abc3:x:1003:1005::/home/abc3:/bin/sh
abc4:x:1004:1006::/home/abc4:/bin/sh
laxsmi:x:1005:1007:,,,:/home/laxsmi:/bin/bash
suma:x:1006:1008:,,,:/home/suma:/bin/bash
mani:x:1007:1009:,,,:/home/mani:/bin/bash
ram:x:1008:1010:,,,:/home/ram:/bin/bash
timjag:x:1009:1011:,,,:/home/timjag:/bin/bash
parvathi:x:1010:1012:,,,:/home/parvathi:/bin/bash
venky:x:1011:1014:,,,:/home/venky:/bin/bash
yashi:x:1012:1015:y,,,:/home/yashi:/bin/bash
tharun:x:1013:1016::/home/tharun:/bin/sh
gowri:x:1014:1017:,,,:/home/gowri:/bin/bash
manisha:x:1015:1018::/home/manisha:/bin/sh
muni:x:1016:1019:,,,:/home/muni:/bin/bash
latha:x:1017:1020:,,,:/home/latha:/bin/bash
madhu:x:1018:1021:,,,:/home/madhu:/bin/bash
priya:x:1019:1022:,,,:/home/priya:/bin/bash
root@DESKTOP-VS7O4OL:~/folder3/fld# su - priya
Welcome to Ubuntu 20.04.3 LTS (GNU/Linux 5.10.16.3-microsoft-standard-WSL2 x86_64)

 * Documentation:  https://help.ubuntu.com
 * Management:     https://landscape.canonical.com
 * Support:        https://ubuntu.com/advantage

  System information as of Thu Jan 20 11:45:30 IST 2022

  System load:  2.14               Processes:             15
  Usage of /:   0.7% of 250.98GB   Users logged in:       0
  Memory usage: 39%                IPv4 address for eth0: 172.23.39.241
  Swap usage:   0%


89 updates can be applied immediately.
39 of these updates are standard security updates.
To see these additional updates run: apt list --upgradable


The list of available updates is more than a week old.
To check for new updates run: sudo apt update


This message is shown once a day. To disable it please create the
/home/priya/.hushlogin file.
priya@DESKTOP-VS7O4OL:~$ su - root
Password:
su: Authentication failure
priya@DESKTOP-VS7O4OL:~$ su - root
Password:
su: Authentication failure
priya@DESKTOP-VS7O4OL:~$ su - root
Password:
su: Authentication failure
priya@DESKTOP-VS7O4OL:~$ su - root
Password:
su: Authentication failure
priya@DESKTOP-VS7O4OL:~$ su - root
Password:
su: Authentication failure
priya@DESKTOP-VS7O4OL:~$ passwd
Changing password for priya.
Current password:
passwd: Authentication token manipulation error
passwd: password unchanged
priya@DESKTOP-VS7O4OL:~$ passwd
Changing password for priya.
Current password:
passwd: Authentication token manipulation error
passwd: password unchanged
priya@DESKTOP-VS7O4OL:~$ passwd
Changing password for priya.
Current password:
New password:
Retype new password:
Password unchanged
New password:
Retype new password:
You must choose a longer password
New password:
Retype new password:
passwd: password updated successfully
priya@DESKTOP-VS7O4OL:~$ su - root
Password:
su: Authentication failure
priya@DESKTOP-VS7O4OL:~$ su - root
Password:
su: Authentication failure
priya@DESKTOP-VS7O4OL:~$ su  root
Password:
su: Authentication failure
priya@DESKTOP-VS7O4OL:~$ su - root
Password:
su: Authentication failure
priya@DESKTOP-VS7O4OL:~$ python3
Python 3.8.10 (default, Nov 26 2021, 20:14:08)
[GCC 9.3.0] on linux
Type "help", "copyright", "credits" or "license" for more information.
>>> "good"
'good'
>>> 90+45
135
>>> 78/3
26.0
>>> 65*8
520
>>> name ='sandhya bathina'
>>> job='ase'
>>> printt('my name is ' + name + ' working as ' +job)

Traceback (most recent call last):
  File "<stdin>", line 1, in <module>
NameError: name 'printt' is not defined
>>>
>>> name ='sandhya bathina'
>>> job='ase'
>>> print('my name is ' + name + ' working as ' +job)
my name is sandhya bathina working as ase
>>> traineeno=45636
>>> traineename="sandhya"
>>> stippend=23300
>>> print(str(traineeno)+ " "+traineename+ " "+str(stippend))
45636 sandhya 23300
>>> no=20
>>> if(no<10):
...     print(no, 'is a single digit number')
... else:
...     print(no, 'is a multi digit number')
...
20 is a multi digit number
>>> no=8
>>> if(no<10):
...     print(no, 'is a single digit number')
... else:
...     print(no, 'is a multi digit number')
...
8 is a single digit number
>>> names =['ameer','ramya','vijay','sai']
>>> names[3]
'sai'
>>> for name is name:
  File "<stdin>", line 1
    for name is name:
             ^
SyntaxError: invalid syntax
>>> for name is names:
  File "<stdin>", line 1
    for name is names:
             ^
SyntaxError: invalid syntax
>>> for name in names:
...     print(name)
...
ameer
ramya
vijay
sai
>>> a,b=0,1
>>> n=15
>>> while(a<n):
...     print(a, end=' ')
...     a,b=b,a+b
...
0 1 1 2 3 5 8 13 >>>
>>> def docalculation(no):
...     if(no>200):
...             print(no*no)
...     else:
...             print(no+no)
...
>>> docalculation(450)
202500
>>> docalculation(45)
90
>>> def highestnumber(no, no1):
...     if(no > no1):
...             print(no, ' is greater ')
...     else:
...             print(no1, 'is greater ')
...
>>> highestnumber(78,56)
78  is greater
>>> highestnumber(78,478)
478 is greater
>>> class sample:
...     def dosomething(self,no, name):
...             self.no=no
...             self.name=name
...             print(self.name, " ", self.no)
...
>>> smp = sample()
>>> smp.dosomething(1234,'sandy')
sandy   1234
>>> class student:
...     def setstudent(self,id,name):
...             self.id=id
...             self.name=name
...     def getstudent(self):
...             print(self.id, " ", self.name)
...
>>> std = student()
>>> std.setstudent(456, "vimal")
>>> std.getstudent()
456   vimal
>>>